// Jest Snapshot v1, https://goo.gl/fbAQLP

exports[`[ClientApp]  LoginBanner Component should match snapshot. no querystring 1`] = `
<div
  className="panel panel--inverse mt--0 mb--0 sign-in-banner"
  data-qa-sel="sign-in-banner"
>
  <div
    className="container"
  >
    <div
      className="grid"
    >
      <div
        data-g="12"
      >
        <div
          className="LoginBanner"
        >
          <a
            href="/signin-url"
            title="Sign in to your NICE account"
          >
            Sign in to your NICE account
          </a>
           
          signin text
          .
           
          <br />
          Don't have an account?
           
          <a
            href="/register-url"
            title="Register for a NICE account"
          >
            Register
          </a>
        </div>
        <p>
          <a
            className="btn btn--inverse"
            href="/signin-url"
            title="Sign in to your NICE account"
          >
            Sign in
          </a>
        </p>
      </div>
    </div>
  </div>
</div>
`;
