// Jest Snapshot v1, https://goo.gl/fbAQLP

exports[`[ClientApp]  PhaseBanner  Matches snapshot 1`] = `
<p
  className="phase-banner"
>
  <span
    className="phase-banner__tag"
  >
    <span
      className="tag tag--impact tag--delta"
    >
      delta
    </span>
  </span>
  <span
    className="phase-banner__label"
  >
    My Project
     is in development. This means it is not feature complete and there may be issues.
     
    <a
      href="http://mygitrepo.com"
      rel="noopener noreferrer"
      target="_blank"
    >
      Visit this page if you wish to report an issue.
    </a>
  </span>
</p>
`;
