// Jest Snapshot v1, https://goo.gl/fbAQLP

exports[`[ClientApp]  PhaseBanner  Matches snapshot 1`] = `
<aside
  className="phase-banner"
>
  <span
    className="phase-banner__tag"
  >
    <span
      className="tag tag--impact tag--agile"
    >
      delta
    </span>
  </span>
  <span
    className="phase-banner__label"
  >
    My Project
     is in development which means that some features may not work fully.
     
    <a
      href="http://mygitrepo.com"
      rel="noopener noreferrer"
      target="_blank"
    >
      Report an issue
    </a>
  </span>
</aside>
`;
