// Jest Snapshot v1, https://goo.gl/fbAQLP

exports[`should match snapshot with supplied data 1`] = `
<div>
  <div
    class="container"
  >
    <div
      class="grid"
    >
      <div
        data-g="12"
      >
        <nav
          aria-label="Breadcrumbs"
        >
          <p
            class="visually-hidden"
          >
            You are here:
          </p>
          <ol
            class="breadcrumbs"
            itemscope=""
            itemtype="http://schema.org/BreadcrumbList"
          >
            <li
              class="breadcrumbs__crumb"
              itemprop="itemListElement"
              itemscope=""
              itemtype="http://schema.org/ListItem"
              role="presentation"
            >
              <a
                href="/guidance/inconsultation"
                itemprop="item"
              >
                <span
                  itemprop="name"
                >
                  All consultations
                </span>
              </a>
              <meta
                content="0"
                itemprop="position"
              />
            </li>
            <li
              class="breadcrumbs__crumb"
              itemprop="itemListElement"
              itemscope=""
              itemtype="http://schema.org/ListItem"
              role="presentation"
            >
              <a
                href="/guidance/indevelopment/gid-ng10186/consultation/"
                itemprop="item"
              >
                <span
                  itemprop="name"
                >
                  Consultation
                </span>
              </a>
              <meta
                content="1"
                itemprop="position"
              />
            </li>
          </ol>
        </nav>
        <main
          role="main"
        >
          <h1
            class="page-header__heading mt--0"
            data-qa-sel="changeable-page-header"
          >
            Warren's Project
          </h1>
          <div
            class="mb--d"
          >
            <p
              class="container container-full ml--0"
            >
              <span>
                <span
                  class="tag tag--open"
                >
                  Open for comments
                </span>
                 Open until
                 
                <time
                  datetime="1543017660000"
                >
                  24 November 2018
                </time>
              </span>
                
              <a
                href="/leadinformation"
              >
                Request commenting lead permission
              </a>
            </p>
          </div>
          <div
            class="grid"
          >
            <div
              data-g="12 md:3"
            >
              <nav
                aria-label="Chapters in this document"
                class="stacked-nav"
              >
                <h2
                  class="stacked-nav__root"
                >
                  Chapters in this document
                </h2>
                <ul
                  class="stacked-nav__list"
                >
                  <li
                    class="stacked-nav__list-item"
                    data-qa-sel="nav-list-item"
                  >
                    <a
                      aria-current="page"
                      href="/preview/GID-NG10186/consultation/113/document/1/chapter/draftappendicesa-tcleandocx"
                    >
                      <span
                        class="grid"
                      >
                        <span
                          class="pl--c"
                          data-g="10"
                        >
                          DRAFT_Appendices_A-T_CLEAN.docx
                        </span>
                      </span>
                    </a>
                  </li>
                  <li
                    class="stacked-nav__list-item"
                    data-qa-sel="nav-list-item"
                  >
                    <a
                      href="/preview/GID-NG10186/consultation/113/document/1/chapter/appendices"
                    >
                      <span
                        class="grid"
                      >
                        <span
                          class="pl--c"
                          data-g="10"
                        >
                          Appendices
                        </span>
                      </span>
                    </a>
                  </li>
                  <li
                    class="stacked-nav__list-item"
                    data-qa-sel="nav-list-item"
                  >
                    <a
                      href="/preview/GID-NG10186/consultation/113/document/1/chapter/scope"
                    >
                      <span
                        class="grid"
                      >
                        <span
                          class="pl--c"
                          data-g="10"
                        >
                          1 Scope
                        </span>
                      </span>
                    </a>
                  </li>
                </ul>
              </nav>
            </div>
            <div
              class="documentColumn"
              data-g="12 md:9"
            >
              <div
                class="document-comment-container "
              >
                <div
                  class="panel panel--inverse"
                >
                  <p>
                    <b>
                      There 
                      are 4 types of error
                       in this chapter.
                    </b>
                  </p>
                  <ul>
                    <li>
                      [E] - Error: This document contains neither a recognisable issue date nor a recognisable revision date, so appears to be completely undated
                    </li>
                    <li>
                      [E] - Error: No recognisable issue date found
                    </li>
                    <li>
                      [E] - Error: No main title found
                    </li>
                    <li>
                      [W] - Warning: Text found before first section heading, so software inserted section heading with title 'DRAFT_Appendices_A-T_CLEAN.docx'
                    </li>
                  </ul>
                </div>
                <div
                  class="chapter"
                  title="DRAFT_Appendices_A-T_CLEAN.docx"
                  xmlns="http://www.w3.org/1999/xhtml"
                >
                  <h2
                    class="title"
                  >
                    <a
                      class="annotator-chapter"
                      data-heading-type="chapter"
                      id="draftappendicesa-tcleandocx"
                      style="position: relative;"
                      title="Comment on chapter"
                      xmlns=""
                    >
                      DRAFT_Appendices_A-T_CLEAN.docx
                      <span
                        class="annotator-adder"
                      />
                    </a>
                    <div
                      class="ConversionError ConversionError--E"
                    >
                      <button
                        class="ConversionError__Button ConversionError__Button--E"
                      >
                        E
                      </button>
                      <ul
                        class="ConversionError__details ConversionError__details--E"
                      >
                        <li
                          class="ml--d"
                        >
                          This document contains neither a recognisable issue date nor a recognisable revision date, so appears to be completely undated
                        </li>
                      </ul>
                    </div>
                    <div
                      class="ConversionError ConversionError--E"
                    >
                      <button
                        class="ConversionError__Button ConversionError__Button--E"
                      >
                        E
                      </button>
                      <ul
                        class="ConversionError__details ConversionError__details--E"
                      >
                        <li
                          class="ml--d"
                        >
                          No recognisable issue date found
                        </li>
                      </ul>
                    </div>
                    <div
                      class="ConversionError ConversionError--E"
                    >
                      <button
                        class="ConversionError__Button ConversionError__Button--E"
                      >
                        E
                      </button>
                      <ul
                        class="ConversionError__details ConversionError__details--E"
                      >
                        <li
                          class="ml--d"
                        >
                          No main title found
                        </li>
                      </ul>
                    </div>
                    <div
                      class="ConversionError ConversionError--E"
                    >
                      <button
                        class="ConversionError__Button ConversionError__Button--E"
                      >
                        E
                      </button>
                      <ul
                        class="ConversionError__details ConversionError__details--E"
                      >
                        <li
                          class="ml--d"
                        >
                          This document contains neither a recognisable issue date nor a recognisable revision date, so appears to be completely undated
                        </li>
                      </ul>
                    </div>
                    <div
                      class="ConversionError ConversionError--E"
                    >
                      <button
                        class="ConversionError__Button ConversionError__Button--E"
                      >
                        E
                      </button>
                      <ul
                        class="ConversionError__details ConversionError__details--E"
                      >
                        <li
                          class="ml--d"
                        >
                          No recognisable issue date found
                        </li>
                      </ul>
                    </div>
                    <div
                      class="ConversionError ConversionError--E"
                    >
                      <button
                        class="ConversionError__Button ConversionError__Button--E"
                      >
                        E
                      </button>
                      <ul
                        class="ConversionError__details ConversionError__details--E"
                      >
                        <li
                          class="ml--d"
                        >
                          No main title found
                        </li>
                      </ul>
                    </div>
                    <div
                      class="ConversionError ConversionError--E"
                    >
                      <button
                        class="ConversionError__Button ConversionError__Button--E"
                      >
                        E
                      </button>
                      <ul
                        class="ConversionError__details ConversionError__details--E"
                      >
                        <li
                          class="ml--d"
                        >
                          This document contains neither a recognisable issue date nor a recognisable revision date, so appears to be completely undated
                        </li>
                      </ul>
                    </div>
                    <div
                      class="ConversionError ConversionError--E"
                    >
                      <button
                        class="ConversionError__Button ConversionError__Button--E"
                      >
                        E
                      </button>
                      <ul
                        class="ConversionError__details ConversionError__details--E"
                      >
                        <li
                          class="ml--d"
                        >
                          No recognisable issue date found
                        </li>
                      </ul>
                    </div>
                    <div
                      class="ConversionError ConversionError--E"
                    >
                      <button
                        class="ConversionError__Button ConversionError__Button--E"
                      >
                        E
                      </button>
                      <ul
                        class="ConversionError__details ConversionError__details--E"
                      >
                        <li
                          class="ml--d"
                        >
                          No main title found
                        </li>
                      </ul>
                    </div>
                    <div
                      class="ConversionError ConversionError--E"
                    >
                      <button
                        class="ConversionError__Button ConversionError__Button--E"
                      >
                        E
                      </button>
                      <ul
                        class="ConversionError__details ConversionError__details--E"
                      >
                        <li
                          class="ml--d"
                        >
                          This document contains neither a recognisable issue date nor a recognisable revision date, so appears to be completely undated
                        </li>
                      </ul>
                    </div>
                    <div
                      class="ConversionError ConversionError--E"
                    >
                      <button
                        class="ConversionError__Button ConversionError__Button--E"
                      >
                        E
                      </button>
                      <ul
                        class="ConversionError__details ConversionError__details--E"
                      >
                        <li
                          class="ml--d"
                        >
                          No recognisable issue date found
                        </li>
                      </ul>
                    </div>
                    <div
                      class="ConversionError ConversionError--E"
                    >
                      <button
                        class="ConversionError__Button ConversionError__Button--E"
                      >
                        E
                      </button>
                      <ul
                        class="ConversionError__details ConversionError__details--E"
                      >
                        <li
                          class="ml--d"
                        >
                          No main title found
                        </li>
                      </ul>
                    </div>
                    <div
                      class="ConversionError ConversionError--E"
                    >
                      <button
                        class="ConversionError__Button ConversionError__Button--E"
                      >
                        E
                      </button>
                      <ul
                        class="ConversionError__details ConversionError__details--E"
                      >
                        <li
                          class="ml--d"
                        >
                          This document contains neither a recognisable issue date nor a recognisable revision date, so appears to be completely undated
                        </li>
                      </ul>
                    </div>
                    <div
                      class="ConversionError ConversionError--E"
                    >
                      <button
                        class="ConversionError__Button ConversionError__Button--E"
                      >
                        E
                      </button>
                      <ul
                        class="ConversionError__details ConversionError__details--E"
                      >
                        <li
                          class="ml--d"
                        >
                          No recognisable issue date found
                        </li>
                      </ul>
                    </div>
                    <div
                      class="ConversionError ConversionError--E"
                    >
                      <button
                        class="ConversionError__Button ConversionError__Button--E"
                      >
                        E
                      </button>
                      <ul
                        class="ConversionError__details ConversionError__details--E"
                      >
                        <li
                          class="ml--d"
                        >
                          No main title found
                        </li>
                      </ul>
                    </div>
                    <div
                      class="ConversionError ConversionError--E"
                    >
                      <button
                        class="ConversionError__Button ConversionError__Button--E"
                      >
                        E
                      </button>
                      <ul
                        class="ConversionError__details ConversionError__details--E"
                      >
                        <li
                          class="ml--d"
                        >
                          This document contains neither a recognisable issue date nor a recognisable revision date, so appears to be completely undated
                        </li>
                      </ul>
                    </div>
                    <div
                      class="ConversionError ConversionError--E"
                    >
                      <button
                        class="ConversionError__Button ConversionError__Button--E"
                      >
                        E
                      </button>
                      <ul
                        class="ConversionError__details ConversionError__details--E"
                      >
                        <li
                          class="ml--d"
                        >
                          No recognisable issue date found
                        </li>
                      </ul>
                    </div>
                    <div
                      class="ConversionError ConversionError--E"
                    >
                      <button
                        class="ConversionError__Button ConversionError__Button--E"
                      >
                        E
                      </button>
                      <ul
                        class="ConversionError__details ConversionError__details--E"
                      >
                        <li
                          class="ml--d"
                        >
                          No main title found
                        </li>
                      </ul>
                    </div>
                    <div
                      class="ConversionError ConversionError--E"
                    >
                      <button
                        class="ConversionError__Button ConversionError__Button--E"
                      >
                        E
                      </button>
                      <ul
                        class="ConversionError__details ConversionError__details--E"
                      >
                        <li
                          class="ml--d"
                        >
                          This document contains neither a recognisable issue date nor a recognisable revision date, so appears to be completely undated
                        </li>
                      </ul>
                    </div>
                    <div
                      class="ConversionError ConversionError--E"
                    >
                      <button
                        class="ConversionError__Button ConversionError__Button--E"
                      >
                        E
                      </button>
                      <ul
                        class="ConversionError__details ConversionError__details--E"
                      >
                        <li
                          class="ml--d"
                        >
                          No recognisable issue date found
                        </li>
                      </ul>
                    </div>
                    <div
                      class="ConversionError ConversionError--E"
                    >
                      <button
                        class="ConversionError__Button ConversionError__Button--E"
                      >
                        E
                      </button>
                      <ul
                        class="ConversionError__details ConversionError__details--E"
                      >
                        <li
                          class="ml--d"
                        >
                          No main title found
                        </li>
                      </ul>
                    </div>
                    <div
                      class="ConversionError ConversionError--W"
                    >
                      <button
                        class="ConversionError__Button ConversionError__Button--W"
                      >
                        W
                      </button>
                      <ul
                        class="ConversionError__details ConversionError__details--W"
                      >
                        <li
                          class="ml--d"
                        >
                          Text found before first section heading, so software inserted section heading with title 'DRAFT_Appendices_A-T_CLEAN.docx'
                        </li>
                      </ul>
                    </div>
                  </h2>
                  <p />
                  <p />
                </div>
              </div>
            </div>
          </div>
        </main>
      </div>
    </div>
  </div>
</div>
`;
