// Jest Snapshot v1, https://goo.gl/fbAQLP

exports[`should match snapshot post login, with 5 personal comments and 5 read only comments from others 1`] = `
<div>
  <section
    aria-label="Commenting panel"
    class="Drawer "
  >
    <div
      class="Drawer__controls"
    >
      <button
        aria-controls="comments-panel"
        aria-haspopup="true"
        aria-label="Open the commenting panel"
        class="Drawer__control Drawer__control--comments active"
        data-qa-sel="open-commenting-panel"
        id="js-drawer-toggleopen-comments"
        tabindex="0"
      >
        <span
          aria-hidden="true"
          class="Drawer__control-text"
          data-qa-sel="close-commenting-panel"
        >
          Comments
        </span>
        Open comments
      </button>
      <button
        aria-controls="questions-panel"
        aria-haspopup="true"
        aria-label="Open the questions panel"
        class="Drawer__control Drawer__control--questions active"
        data-qa-sel="open-questions-panel"
        id="js-drawer-toggleopen-questions"
        tabindex="0"
      >
        <span
          aria-hidden="true"
          class="Drawer__control-text"
          data-qa-sel="close-questions-panel"
        >
          Questions
        </span>
        Open questions
      </button>
    </div>
    <div
      aria-disabled="true"
      class="Drawer__main Drawer__main--closed"
      data-qa-sel="comment-panel"
      id="comments-panel"
    >
      <div
        data-qa-sel="comment-list-wrapper"
      >
        <a
          class="btn btn--cta mt--c"
          data-qa-sel="review-all-comments"
          href="/1/review"
        >
          Review your response before submitting   
          <span
            aria-hidden="true"
            class="icon icon--chevron-right"
          />
        </a>
        <div
          class="show"
        >
          <ul
            class="CommentList list--unstyled mt--0"
          >
            <li
              class="CommentBox"
            >
              <section
                role="form"
              >
                <h3
                  class="CommentBox__title mt--0 mb--d"
                  data-qa-sel="comment-box-title"
                >
                  Comment on 
                  <span
                    class="text-lowercase"
                  />
                </h3>
                <form
                  class="mb--0"
                >
                  <div
                    class="form__group form__group--textarea mb--b"
                  >
                    <label
                      class="form__label visually-hidden"
                      for="Comment1002"
                    >
                      Comment on 
                      , 
                    </label>
                    <textarea
                      class="form__input form__input--textarea"
                      data-hj-whitelist="true"
                      data-qa-sel="Comment-text-area"
                      id="Comment1002"
                      tabindex="0"
                    >
                      first comment
                    </textarea>
                  </div>
                  <span
                    class="ml--0 mb--0 CommentBox__savedIndicator"
                  >
                    Saved
                  </span>
                  <button
                    class="btn mr--0 mb--0 right"
                    data-qa-sel="delete-comment-button"
                  >
                    Delete
                  </button>
                </form>
              </section>
            </li>
            <li
              class="CommentBox"
            >
              <section
                role="form"
              >
                <h3
                  class="CommentBox__title mt--0 mb--d"
                  data-qa-sel="comment-box-title"
                >
                  Comment on 
                  <span
                    class="text-lowercase"
                  />
                </h3>
                <form
                  class="mb--0"
                >
                  <div
                    class="form__group form__group--textarea mb--b"
                  >
                    <label
                      class="form__label visually-hidden"
                      for="Comment1003"
                    >
                      Comment on 
                      , 
                    </label>
                    <textarea
                      class="form__input form__input--textarea"
                      data-hj-whitelist="true"
                      data-qa-sel="Comment-text-area"
                      id="Comment1003"
                      tabindex="0"
                    >
                      second comment
                    </textarea>
                  </div>
                  <span
                    class="ml--0 mb--0 CommentBox__savedIndicator"
                  >
                    Saved
                  </span>
                  <button
                    class="btn mr--0 mb--0 right"
                    data-qa-sel="delete-comment-button"
                  >
                    Delete
                  </button>
                </form>
              </section>
            </li>
            <li
              class="CommentBox"
            >
              <section
                role="form"
              >
                <h3
                  class="CommentBox__title mt--0 mb--d"
                  data-qa-sel="comment-box-title"
                >
                  Comment on 
                  <span
                    class="text-lowercase"
                  />
                </h3>
                <form
                  class="mb--0"
                >
                  <div
                    class="form__group form__group--textarea mb--b"
                  >
                    <label
                      class="form__label visually-hidden"
                      for="Comment1004"
                    >
                      Comment on 
                      , 
                    </label>
                    <textarea
                      class="form__input form__input--textarea"
                      data-hj-whitelist="true"
                      data-qa-sel="Comment-text-area"
                      id="Comment1004"
                      tabindex="0"
                    >
                      third comment
                    </textarea>
                  </div>
                  <span
                    class="ml--0 mb--0 CommentBox__savedIndicator"
                  >
                    Saved
                  </span>
                  <button
                    class="btn mr--0 mb--0 right"
                    data-qa-sel="delete-comment-button"
                  >
                    Delete
                  </button>
                </form>
              </section>
            </li>
            <li
              class="CommentBox"
            >
              <section
                role="form"
              >
                <h3
                  class="CommentBox__title mt--0 mb--d"
                  data-qa-sel="comment-box-title"
                >
                  Comment on 
                  <span
                    class="text-lowercase"
                  />
                </h3>
                <form
                  class="mb--0"
                >
                  <div
                    class="form__group form__group--textarea mb--b"
                  >
                    <label
                      class="form__label visually-hidden"
                      for="Comment1005"
                    >
                      Comment on 
                      , 
                    </label>
                    <textarea
                      class="form__input form__input--textarea"
                      data-hj-whitelist="true"
                      data-qa-sel="Comment-text-area"
                      id="Comment1005"
                      tabindex="0"
                    >
                      fourth comment
                    </textarea>
                  </div>
                  <span
                    class="ml--0 mb--0 CommentBox__savedIndicator"
                  >
                    Saved
                  </span>
                  <button
                    class="btn mr--0 mb--0 right"
                    data-qa-sel="delete-comment-button"
                  >
                    Delete
                  </button>
                </form>
              </section>
            </li>
            <li
              class="CommentBox"
            >
              <section
                role="form"
              >
                <h3
                  class="CommentBox__title mt--0 mb--d"
                  data-qa-sel="comment-box-title"
                >
                  Comment on 
                  <span
                    class="text-lowercase"
                  />
                </h3>
                <form
                  class="mb--0"
                >
                  <div
                    class="form__group form__group--textarea mb--b"
                  >
                    <label
                      class="form__label visually-hidden"
                      for="Comment1006"
                    >
                      Comment on 
                      , 
                    </label>
                    <textarea
                      class="form__input form__input--textarea"
                      data-hj-whitelist="true"
                      data-qa-sel="Comment-text-area"
                      id="Comment1006"
                      tabindex="0"
                    >
                      fifth comment
                    </textarea>
                  </div>
                  <span
                    class="ml--0 mb--0 CommentBox__savedIndicator"
                  >
                    Saved
                  </span>
                  <button
                    class="btn mr--0 mb--0 right"
                    data-qa-sel="delete-comment-button"
                  >
                    Delete
                  </button>
                </form>
              </section>
            </li>
            <li
              class="CommentBox"
            >
              <section
                role="form"
              >
                <h3
                  class="CommentBox__title mt--0 mb--d"
                  data-qa-sel="comment-box-title"
                >
                  Comment on 
                  <span
                    class="text-lowercase"
                  />
                </h3>
                <form
                  class="mb--0"
                >
                  <div
                    class="form__group form__group--textarea mb--b"
                  >
                    <label
                      class="form__label visually-hidden"
                      for="Comment1002"
                    >
                      Comment on 
                      , 
                    </label>
                    <textarea
                      class="form__input form__input--textarea"
                      data-hj-whitelist="true"
                      data-qa-sel="Comment-text-area"
                      disabled=""
                      id="Comment1002"
                      tabindex="0"
                    >
                      first comment
                    </textarea>
                  </div>
                </form>
              </section>
            </li>
            <li
              class="CommentBox"
            >
              <section
                role="form"
              >
                <h3
                  class="CommentBox__title mt--0 mb--d"
                  data-qa-sel="comment-box-title"
                >
                  Comment on 
                  <span
                    class="text-lowercase"
                  />
                </h3>
                <form
                  class="mb--0"
                >
                  <div
                    class="form__group form__group--textarea mb--b"
                  >
                    <label
                      class="form__label visually-hidden"
                      for="Comment1003"
                    >
                      Comment on 
                      , 
                    </label>
                    <textarea
                      class="form__input form__input--textarea"
                      data-hj-whitelist="true"
                      data-qa-sel="Comment-text-area"
                      disabled=""
                      id="Comment1003"
                      tabindex="0"
                    >
                      second comment
                    </textarea>
                  </div>
                </form>
              </section>
            </li>
            <li
              class="CommentBox"
            >
              <section
                role="form"
              >
                <h3
                  class="CommentBox__title mt--0 mb--d"
                  data-qa-sel="comment-box-title"
                >
                  Comment on 
                  <span
                    class="text-lowercase"
                  />
                </h3>
                <form
                  class="mb--0"
                >
                  <div
                    class="form__group form__group--textarea mb--b"
                  >
                    <label
                      class="form__label visually-hidden"
                      for="Comment1004"
                    >
                      Comment on 
                      , 
                    </label>
                    <textarea
                      class="form__input form__input--textarea"
                      data-hj-whitelist="true"
                      data-qa-sel="Comment-text-area"
                      disabled=""
                      id="Comment1004"
                      tabindex="0"
                    >
                      third comment
                    </textarea>
                  </div>
                </form>
              </section>
            </li>
            <li
              class="CommentBox"
            >
              <section
                role="form"
              >
                <h3
                  class="CommentBox__title mt--0 mb--d"
                  data-qa-sel="comment-box-title"
                >
                  Comment on 
                  <span
                    class="text-lowercase"
                  />
                </h3>
                <form
                  class="mb--0"
                >
                  <div
                    class="form__group form__group--textarea mb--b"
                  >
                    <label
                      class="form__label visually-hidden"
                      for="Comment1005"
                    >
                      Comment on 
                      , 
                    </label>
                    <textarea
                      class="form__input form__input--textarea"
                      data-hj-whitelist="true"
                      data-qa-sel="Comment-text-area"
                      disabled=""
                      id="Comment1005"
                      tabindex="0"
                    >
                      fourth comment
                    </textarea>
                  </div>
                </form>
              </section>
            </li>
            <li
              class="CommentBox"
            >
              <section
                role="form"
              >
                <h3
                  class="CommentBox__title mt--0 mb--d"
                  data-qa-sel="comment-box-title"
                >
                  Comment on 
                  <span
                    class="text-lowercase"
                  />
                </h3>
                <form
                  class="mb--0"
                >
                  <div
                    class="form__group form__group--textarea mb--b"
                  >
                    <label
                      class="form__label visually-hidden"
                      for="Comment1006"
                    >
                      Comment on 
                      , 
                    </label>
                    <textarea
                      class="form__input form__input--textarea"
                      data-hj-whitelist="true"
                      data-qa-sel="Comment-text-area"
                      disabled=""
                      id="Comment1006"
                      tabindex="0"
                    >
                      fifth comment
                    </textarea>
                  </div>
                </form>
              </section>
            </li>
          </ul>
          <button
            class="drawer-screenreader-button"
          >
            Close the commenting panel
          </button>
        </div>
        <div
          class="hide"
        >
          <button
            class="btn btn--primary"
            data-qa-sel="create-question-pdf"
            id="js-create-question-pdf"
          >
            Download questions (PDF)
          </button>
          <p
            class="mt--0"
          >
            Please answer the following questions
          </p>
          <ul
            class="CommentList list--unstyled mt--0"
          />
          <button
            class="drawer-screenreader-button"
          >
            Close the questions panel
          </button>
        </div>
      </div>
    </div>
  </section>
  <div>
    <div
      aria-live="assertive"
      role="log"
      style="border: 0px; height: 1px; margin: -1px; overflow: hidden; white-space: nowrap; padding: 0px; width: 1px; position: absolute;"
    >
      Comments and questions panel closed
    </div>
    <div
      aria-live="assertive"
      role="log"
      style="border: 0px; height: 1px; margin: -1px; overflow: hidden; white-space: nowrap; padding: 0px; width: 1px; position: absolute;"
    />
    <div
      aria-live="polite"
      role="log"
      style="border: 0px; height: 1px; margin: -1px; overflow: hidden; white-space: nowrap; padding: 0px; width: 1px; position: absolute;"
    />
    <div
      aria-live="polite"
      role="log"
      style="border: 0px; height: 1px; margin: -1px; overflow: hidden; white-space: nowrap; padding: 0px; width: 1px; position: absolute;"
    />
  </div>
</div>
`;
