// Jest Snapshot v1, https://goo.gl/fbAQLP

exports[`should match the snapshot when the filter is set to all 1`] = `
<div>
  <div
    class="panel mb--d"
  >
    <div
      class="form__group form__group--text"
    >
      <label
        class="form__label"
        for="textFilter"
      >
        <b>
          Filter by question text
        </b>
      </label>
      <input
        class="form__input"
        id="textFilter"
        tabindex="0"
        value=""
      />
    </div>
    <div
      role="radiogroup"
    >
      <label
        class="form__label"
        for="filterByRole"
      >
        <b>
          Filter by directorate
        </b>
      </label>
      <div
        class="form__group form__group--radio form__group--inline"
      >
        <input
          class="form__radio"
          id="filterByRole--mine"
          name="filterByRole"
          type="radio"
          value="true"
        />
        <label
          class="form__label form__label--radio"
          for="filterByRole--mine"
        >
          My Directorate
        </label>
      </div>
      <div
        class="form__group form__group--radio form__group--inline"
      >
        <input
          class="form__radio"
          id="filterByRole--all"
          name="filterByRole"
          type="radio"
          value="false"
        />
        <label
          class="form__label form__label--radio"
          for="filterByRole--all"
        >
          All Directorates
        </label>
      </div>
    </div>
  </div>
</div>
`;

exports[`should match the snapshot when the filter is set to directorate 1`] = `
<div>
  <div
    class="panel mb--d"
  >
    <div
      class="form__group form__group--text"
    >
      <label
        class="form__label"
        for="textFilter"
      >
        <b>
          Filter by question text
        </b>
      </label>
      <input
        class="form__input"
        id="textFilter"
        tabindex="0"
        value=""
      />
    </div>
    <div
      role="radiogroup"
    >
      <label
        class="form__label"
        for="filterByRole"
      >
        <b>
          Filter by directorate
        </b>
      </label>
      <div
        class="form__group form__group--radio form__group--inline"
      >
        <input
          class="form__radio"
          id="filterByRole--mine"
          name="filterByRole"
          type="radio"
          value="true"
        />
        <label
          class="form__label form__label--radio"
          for="filterByRole--mine"
        >
          My Directorate
        </label>
      </div>
      <div
        class="form__group form__group--radio form__group--inline"
      >
        <input
          class="form__radio"
          id="filterByRole--all"
          name="filterByRole"
          type="radio"
          value="false"
        />
        <label
          class="form__label form__label--radio"
          for="filterByRole--all"
        >
          All Directorates
        </label>
      </div>
    </div>
  </div>
</div>
`;
