// Jest Snapshot v1, https://goo.gl/fbAQLP

exports[`should match the snapshot 1`] = `
<div>
  <li>
    <div
      class="card"
    >
      <div
        class="grid"
      >
        <div
          data-g="9"
        >
          <div
            class="card__header"
          >
            <p
              class="card__heading"
            >
              fake question text
            </p>
          </div>
          <dl
            class="card__metadata"
          >
            <div
              class="card__metadatum"
            >
              <dt>
                <span
                  class="card__tag tag tag--flush tag--beta"
                >
                  Open Question
                </span>
              </dt>
              <dd
                class="visually-hidden"
              >
                Text
              </dd>
            </div>
            <div
              class="card__metadatum"
            >
              <dt>
                <span
                  class="card__tag tag tag--flush tag--alpha"
                >
                  Administrator
                </span>
              </dt>
              <dd
                class="visually-hidden"
              >
                Administrator
              </dd>
            </div>
            <div
              class="card__metadatum"
            >
              <dt>
                <span
                  class="card__tag tag tag--flush tag--alpha"
                >
                  SCSTeam
                </span>
              </dt>
              <dd
                class="visually-hidden"
              >
                SCSTeam
              </dd>
            </div>
          </dl>
        </div>
        <div
          data-g="3"
        >
          <button
            class="btn btn-small right mr--0"
          >
            Insert
          </button>
        </div>
      </div>
    </div>
  </li>
</div>
`;
