// Jest Snapshot v1, https://goo.gl/fbAQLP

exports[`should match snapshot with supplied data 1`] = `
<div>
  <li
    class="ConsultationItem"
  >
    <article
      class="card"
    >
      <header
        class="card__header"
      >
        <h3
          class="card__heading"
        >
          <a
            href="/123/1/introduction"
          >
            Consultation Title
          </a>
        </h3>
      </header>
      <dl
        class="card__metadata"
      >
        <div
          class="card__metadatum"
        >
          <dt
            class="visually-hidden"
          >
            Consultation state
          </dt>
          <dd>
            <span
              class="tag tag--open"
            >
              Open
            </span>
          </dd>
        </div>
        <div
          class="card__metadatum"
        >
          15
           
          responses
           from your organisation
        </div>
        <div>
          <div
            class="card__metadatum"
          >
            <dt
              class="visually-hidden"
            >
              Project ID
            </dt>
            <dd
              title="Consultation ID 123"
            >
              TA-123
            </dd>
          </div>
          <div
            class="card__metadatum"
          >
            <dt
              class="visually-hidden"
            >
              Product type name
            </dt>
            <dd>
              TA
            </dd>
          </div>
          <div
            class="card__metadatum"
          >
            <dd>
              Closes on
               
              <strong>
                <time
                  datetime="2838857040000"
                >
                  17 December 2059
                </time>
              </strong>
            </dd>
          </div>
          <div
            class="card__metadatum"
          >
            <dd>
              <a
                href="fdfd/api/Export/123"
                rel="noopener noreferrer"
                target="_blank"
              >
                Download 
                <strong>
                  1
                </strong>
                 response
                
              </a>
            </dd>
          </div>
        </div>
      </dl>
      <div>
        <button
          aria-controls="organisation-codes-123"
          aria-expanded="false"
          class="btn btn--inverse"
          data-qa-sel="share-with-org-button"
          id="share-organisation-123"
          type="button"
        >
          Share with organisation 
          <span
            class="arrow-icon"
          />
        </button>
      </div>
    </article>
  </li>
</div>
`;
