// Jest Snapshot v1, https://goo.gl/fbAQLP

exports[`should match the snapshot after first loading up 1`] = `
<div>
  <div
    class="container"
    id="loginPanelScreen1"
  >
    <h3>
      How are you taking part in this consultation?
    </h3>
    <p>
      You will not be able to change how you comment later.
    </p>
    <div
      role="radiogroup"
    >
      <div
        class="form__group form__group--radio form__group--inline"
      >
        <input
          class="form__radio"
          id="respondingAsOrg--organisation"
          name="respondingAsOrg"
          type="radio"
          value="true"
        />
        <label
          class="form__label form__label--radio"
          data-qa-sel="loginpanel-label-organisation"
          for="respondingAsOrg--organisation"
        >
          As part of an organisation
        </label>
      </div>
      <div
        class="form__group form__group--radio form__group--inline"
      >
        <input
          class="form__radio"
          id="respondingAsOrg--individual"
          name="respondingAsOrg"
          type="radio"
          value="false"
        />
        <label
          class="form__label form__label--radio"
          data-qa-sel="loginpanel-label-individual"
          for="respondingAsOrg--individual"
        >
          As an individual
        </label>
      </div>
    </div>
  </div>
</div>
`;
