// Jest Snapshot v1, https://goo.gl/fbAQLP

exports[`[ClientApp]  Submitted page should match snapshot with supplied data 1`] = `
<MemoryRouter>
  <Router
    history={
      Object {
        "action": "POP",
        "block": [Function],
        "canGo": [Function],
        "createHref": [Function],
        "entries": Array [
          Object {
            "hash": "",
            "key": "f110k3",
            "pathname": "/",
            "search": "",
            "state": undefined,
          },
        ],
        "go": [Function],
        "goBack": [Function],
        "goForward": [Function],
        "index": 0,
        "length": 1,
        "listen": [Function],
        "location": Object {
          "hash": "",
          "key": "f110k3",
          "pathname": "/",
          "search": "",
          "state": undefined,
        },
        "push": [Function],
        "replace": [Function],
      }
    }
  >
    <Submitted
      match={
        Object {
          "params": Object {
            "consultationId": 1,
          },
        }
      }
    >
      <HelmetWrapper
        defer={true}
        encodeSpecialCharacters={true}
      >
        <SideEffect(NullComponent)
          defer={true}
          encodeSpecialCharacters={true}
          title="Hey"
          titleAttributes={Object {}}
        >
          <NullComponent
            defer={true}
            encodeSpecialCharacters={true}
            title="Hey"
            titleAttributes={Object {}}
          />
        </SideEffect(NullComponent)>
      </HelmetWrapper>
      <div
        className="container"
      >
        <div
          className="grid"
        >
          <div
            data-g="12"
          >
            <PhaseBanner
              name="NICE Consultations"
              phase="beta"
              repo="https://github.com/nhsevidence/consultations"
            >
              <aside
                className="phase-banner mt--b"
              >
                <span
                  className="phase-banner__tag"
                  onClick={[Function]}
                  role="button"
                >
                  <span
                    className="tag tag--impact tag--agile"
                  >
                    beta
                  </span>
                </span>
                <span
                  className="phase-banner__label"
                >
                  NICE Consultations
                   is in development which means that some features may not work fully.
                   
                  <a
                    href="https://github.com/nhsevidence/consultations"
                    rel="noopener noreferrer"
                    target="_blank"
                  >
                    Report an issue
                  </a>
                </span>
              </aside>
            </PhaseBanner>
            <BreadCrumbs
              links={
                Array [
                  Object {
                    "label": "Home",
                    "url": "/",
                  },
                  Object {
                    "label": "Consultation title",
                    "url": "/guidance/indevelopment/gid-ta10232/consultation/",
                  },
                  Object {
                    "label": "Consultation documents",
                    "url": "/consultations/1/1/introduction",
                  },
                ]
              }
            >
              <nav
                aria-label="Breadcrumbs"
              >
                <p
                  className="visually-hidden"
                >
                  You are here:
                </p>
                <ol
                  className="breadcrumbs"
                  itemScope={true}
                  itemType="http://schema.org/BreadcrumbList"
                >
                  <li
                    className="breadcrumbs__crumb"
                    itemProp="itemListElement"
                    itemScope={true}
                    itemType="http://schema.org/ListItem"
                    key="Home0"
                    onClick={[Function]}
                  >
                    <a
                      href="/"
                    >
                      Home
                    </a>
                    <meta
                      content={0}
                      itemProp="position"
                    />
                  </li>
                  <li
                    className="breadcrumbs__crumb"
                    itemProp="itemListElement"
                    itemScope={true}
                    itemType="http://schema.org/ListItem"
                    key="Consultation title1"
                    onClick={[Function]}
                  >
                    <a
                      href="/guidance/indevelopment/gid-ta10232/consultation/"
                    >
                      Consultation title
                    </a>
                    <meta
                      content={1}
                      itemProp="position"
                    />
                  </li>
                  <li
                    className="breadcrumbs__crumb"
                    itemProp="itemListElement"
                    itemScope={true}
                    itemType="http://schema.org/ListItem"
                    key="Consultation documents2"
                    onClick={[Function]}
                  >
                    <a
                      href="/consultations/1/1/introduction"
                    >
                      Consultation documents
                    </a>
                    <meta
                      content={2}
                      itemProp="position"
                    />
                  </li>
                </ol>
              </nav>
            </BreadCrumbs>
            <main
              role="main"
            >
              <div
                className="page-header"
              >
                <Header
                  consultationState={
                    Object {
                      "consultationHasEnded": false,
                      "consultationHasNotStartedYet": false,
                      "consultationIsOpen": true,
                      "consultationSupportsComments": false,
                      "consultationSupportsQuestions": false,
                      "documentIdsWhichSupportComments": Array [
                        2,
                        2,
                      ],
                      "documentIdsWhichSupportQuestions": Array [
                        2,
                        2,
                      ],
                      "endDate": "2029-05-31T17:00:00",
                      "hasQuestions": false,
                      "hasUserSuppliedAnswers": false,
                      "hasUserSuppliedComments": false,
                      "shouldShowCommentsTab": true,
                      "shouldShowDrawer": true,
                      "shouldShowQuestionsTab": true,
                      "startDate": "2018-04-01T00:00:00",
                      "supportsDownload": true,
                      "supportsSubmission": false,
                      "userHasSubmitted": true,
                    }
                  }
                  title="Response submitted"
                >
                  <h1
                    className="page-header__heading mt--0"
                    data-qa-sel="changeable-page-header"
                  >
                    Response submitted
                  </h1>
                  <p
                    className="page-header__lead mb--d"
                  >
                    Open until
                     
                    <t
                      ago={false}
                      calendar={false}
                      date="2029-05-31T17:00:00"
                      decimal={false}
                      element="time"
                      filter={[Function]}
                      format="D MMMM YYYY"
                      fromNow={false}
                      interval={60000}
                      onChange={[Function]}
                      toNow={false}
                      unit={null}
                      unix={false}
                      utc={false}
                    >
                      <time
                        dateTime={"2029-05-31T16:00:00.000Z"}
                      >
                        31 May 2029
                      </time>
                    </t>
                  </p>
                </Header>
                <Consumer>
                  <Link
                    className="btn btn--cta"
                    data-qa-sel="review-submitted-comments"
                    replace={false}
                    to="/1/review"
                  >
                    <a
                      className="btn btn--cta"
                      data-qa-sel="review-submitted-comments"
                      href="/1/review"
                      onClick={[Function]}
                    >
                      Review your response
                    </a>
                  </Link>
                  <a
                    className="btn btn--secondary"
                    href="undefined/api/exportexternal/1"
                    onClick={[Function]}
                  >
                    Download your response
                  </a>
                  <h2>
                    What happens next?
                  </h2>
                  <p>
                    We will review all the submissions received for this consultation. Our response will be published on the website around the time the guidance is published.
                  </p>
                  <h2>
                    Help us improve our online commenting service
                  </h2>
                  <p>
                    This is the first time we have used our new online commenting software on a live consultation. We'd really like to hear your feedback so that we can keep improving it.
                  </p>
                  <p>
                    Answer our short, anonymous survey (4 questions, 2 minutes).
                  </p>
                  <p>
                    <a
                      className="btn btn--cta"
                      href="https://in.hotjar.com/s?siteId=119167&surveyId=109567"
                      rel="noopener noreferrer"
                      target="_blank"
                    >
                      Answer the survey
                    </a>
                  </p>
                </Consumer>
              </div>
            </main>
          </div>
        </div>
      </div>
    </Submitted>
  </Router>
</MemoryRouter>
`;
