// Jest Snapshot v1, https://goo.gl/fbAQLP

exports[`[ClientApp]  ReviewPage Component should match snapshot with supplied data 1`] = `
<div
  className="container"
>
  <div
    className="grid"
  >
    <div
      data-g="12"
    >
      <aside
        className="phase-banner mt--b"
      >
        <span
          className="phase-banner__tag"
          onClick={[Function]}
          role="button"
        >
          <span
            className="tag tag--impact tag--agile"
          >
            beta
          </span>
        </span>
        <span
          className="phase-banner__label"
        >
          NICE Consultations
           is in development which means that some features may not work fully.
           
          <a
            href="https://github.com/nhsevidence/consultations"
            rel="noopener noreferrer"
            target="_blank"
          >
            Report an issue
          </a>
        </span>
      </aside>
      <nav
        aria-label="Breadcrumbs"
      >
        <p
          className="visually-hidden"
        >
          You are here:
        </p>
        <ol
          className="breadcrumbs"
          itemScope={true}
          itemType="http://schema.org/BreadcrumbList"
        >
          <li
            className="breadcrumbs__crumb"
            itemProp="itemListElement"
            itemScope={true}
            itemType="http://schema.org/ListItem"
          >
            <a
              href="/"
            >
              Home
            </a>
            <meta
              content={0}
              itemProp="position"
            />
          </li>
          <li
            className="breadcrumbs__crumb"
            itemProp="itemListElement"
            itemScope={true}
            itemType="http://schema.org/ListItem"
          >
            <a
              href="/guidance/indevelopment/gid-ta10232/consultation/"
            >
              Consultation title
            </a>
            <meta
              content={1}
              itemProp="position"
            />
          </li>
          <li
            className="breadcrumbs__crumb"
            itemProp="itemListElement"
            itemScope={true}
            itemType="http://schema.org/ListItem"
          >
            <a
              href="/consultations/1/1/introduction"
            >
              Consultation documents
            </a>
            <meta
              content={2}
              itemProp="position"
            />
          </li>
        </ol>
      </nav>
      <main
        role="main"
      >
        <div
          className="page-header"
        >
          <undefined />
          <div
            className="clearfix"
          >
            bvc
          </div>
          <div
            className="grid"
            onScroll={[Function]}
            onTouchEnd={[Function]}
            onTouchMove={[Function]}
            onTouchStart={[Function]}
          >
            <div
              data-g="12 md:9 md:push:3"
            >
              <div
                className="results-info"
              >
                <h2
                  aria-live="assertive"
                  className="results-info__count"
                  id="results-info-count"
                >
                  Showing 3 questions and 2 comments
                </h2>
              </div>
              <div
                data-qa-sel="comment-list-wrapper"
              >
                <div>
                  <ul
                    className="CommentList list--unstyled"
                  >
                    <li
                      className="CommentBox"
                    >
                      <h1
                        className="CommentBox__title mt--0 mb--d"
                        data-qa-sel="comment-box-title"
                      >
                        Question on: 
                        <span
                          className="text-lowercase"
                        >
                          Consultation
                        </span>
                        <br />
                      </h1>
                      <p>
                        <strong>
                          Which areas will have the biggest impact on practice and be challenging to implement? Please say for whom and why.
                        </strong>
                      </p>
                      <section
                        role="form"
                      >
                        <div
                          className="CommentBox__datestamp mb--d font-weight-bold"
                        >
                          Last Modified:
                           
                          <time
                            dateTime={"2018-08-06T14:41:57.930Z"}
                          >
                            6/8/2018 - 3:41pm
                          </time>
                        </div>
                        <form
                          onSubmit={[Function]}
                        >
                          <div
                            className="form__group form__group--textarea mb--0"
                          >
                            <textarea
                              className="form__input form__input--textarea"
                              data-qa-sel="Comment-text-area"
                              disabled={false}
                              id="Answer11"
                              onChange={[Function]}
                              placeholder="Enter your answer here"
                              value="gg"
                            />
                          </div>
                          <input
                            className="btn ml--0"
                            data-qa-sel="submit-button"
                            disabled={true}
                            type="submit"
                            value="Saved"
                          />
                          <button
                            className="btn mr--0 right"
                            data-qa-sel="delete-comment-button"
                            onClick={[Function]}
                          >
                            <span
                              className="visually-hidden"
                            >
                              Delete this answer
                            </span>
                            <span
                              aria-hidden="true"
                              className="icon icon--trash"
                            />
                          </button>
                        </form>
                      </section>
                    </li>
                    <li
                      className="CommentBox"
                    >
                      <h1
                        className="CommentBox__title mt--0 mb--d"
                        data-qa-sel="comment-box-title"
                      >
                        Question on: 
                        <span
                          className="text-lowercase"
                        >
                          Document
                        </span>
                        <br />
                      </h1>
                      <p>
                        <strong>
                          Would implementation of any of the draft recommendations have significant cost implications?
                        </strong>
                      </p>
                      <section
                        role="form"
                      >
                        <form
                          onSubmit={[Function]}
                        >
                          <div
                            className="form__group form__group--textarea mb--0"
                          >
                            <textarea
                              className="form__input form__input--textarea"
                              data-qa-sel="Comment-text-area"
                              disabled={false}
                              id="Answer-1"
                              onChange={[Function]}
                              placeholder="Enter your answer here"
                            />
                          </div>
                        </form>
                      </section>
                    </li>
                    <li
                      className="CommentBox"
                    >
                      <h1
                        className="CommentBox__title mt--0 mb--d"
                        data-qa-sel="comment-box-title"
                      >
                        Question on: 
                        <span
                          className="text-lowercase"
                        >
                          Document
                        </span>
                        <br />
                      </h1>
                      <p>
                        <strong>
                          Would implementation of any of the draft recommendations have cost implications?
                        </strong>
                      </p>
                      <section
                        role="form"
                      >
                        <form
                          onSubmit={[Function]}
                        >
                          <div
                            className="form__group form__group--textarea mb--0"
                          >
                            <textarea
                              className="form__input form__input--textarea"
                              data-qa-sel="Comment-text-area"
                              disabled={false}
                              id="Answer-1"
                              onChange={[Function]}
                              placeholder="Enter your answer here"
                            />
                          </div>
                        </form>
                      </section>
                    </li>
                  </ul>
                </div>
                <ul
                  className="CommentList list--unstyled"
                >
                  <li
                    className="CommentBox"
                  >
                    <section
                      role="form"
                    >
                      <h1
                        className="CommentBox__title mt--0 mb--d"
                        data-qa-sel="comment-box-title"
                      >
                        Comment on: 
                        <span
                          className="text-lowercase"
                        >
                          Document
                        </span>
                        <br />
                        Unstable angina and NSTEMI
                      </h1>
                      <div
                        className="CommentBox__datestamp mb--d font-weight-bold"
                      >
                        Last Modified:
                         
                        <time
                          dateTime={"2018-08-06T14:47:06.638Z"}
                        >
                          6/8/2018 - 3:47pm
                        </time>
                      </div>
                      <form
                        onSubmit={[Function]}
                      >
                        <div
                          className="form__group form__group--textarea mb--0"
                        >
                          <label
                            className="form__label visually-hidden"
                            htmlFor="Comment5"
                          >
                            Comment on 
                            Document
                            , 
                            Unstable angina and NSTEMI
                          </label>
                          <textarea
                            className="form__input form__input--textarea"
                            data-qa-sel="Comment-text-area"
                            disabled={false}
                            id="Comment5"
                            onChange={[Function]}
                            placeholder="Enter your comment here"
                            value="ffffc"
                          />
                        </div>
                        <input
                          className="btn ml--0"
                          data-qa-sel="submit-button"
                          disabled={true}
                          type="submit"
                          value="Saved"
                        />
                        <button
                          className="btn mr--0 right"
                          data-qa-sel="delete-comment-button"
                          onClick={[Function]}
                        >
                          <span
                            className="visually-hidden"
                          >
                            Delete this comment
                          </span>
                          <span
                            aria-hidden="true"
                            className="icon icon--trash"
                          />
                        </button>
                      </form>
                    </section>
                  </li>
                  <li
                    className="CommentBox"
                  >
                    <section
                      role="form"
                    >
                      <h1
                        className="CommentBox__title mt--0 mb--d"
                        data-qa-sel="comment-box-title"
                      >
                        Comment on: 
                        <span
                          className="text-lowercase"
                        >
                          Chapter
                        </span>
                        <br />
                        Introduction 
                      </h1>
                      <div
                        className="CommentBox__datestamp mb--d font-weight-bold"
                      >
                        Last Modified:
                         
                        <time
                          dateTime={"2018-08-06T13:11:38.764Z"}
                        >
                          6/8/2018 - 2:11pm
                        </time>
                      </div>
                      <form
                        onSubmit={[Function]}
                      >
                        <div
                          className="form__group form__group--textarea mb--0"
                        >
                          <label
                            className="form__label visually-hidden"
                            htmlFor="Comment7"
                          >
                            Comment on 
                            Chapter
                            , 
                            Introduction 
                          </label>
                          <textarea
                            className="form__input form__input--textarea"
                            data-qa-sel="Comment-text-area"
                            disabled={false}
                            id="Comment7"
                            onChange={[Function]}
                            placeholder="Enter your comment here"
                            value="ffff"
                          />
                        </div>
                        <input
                          className="btn ml--0"
                          data-qa-sel="submit-button"
                          disabled={true}
                          type="submit"
                          value="Saved"
                        />
                        <button
                          className="btn mr--0 right"
                          data-qa-sel="delete-comment-button"
                          onClick={[Function]}
                        >
                          <span
                            className="visually-hidden"
                          >
                            Delete this comment
                          </span>
                          <span
                            aria-hidden="true"
                            className="icon icon--trash"
                          />
                        </button>
                      </form>
                    </section>
                  </li>
                </ul>
              </div>
              <div
                className="hero"
              >
                <div
                  className="hero__container"
                >
                  <div
                    className="hero__body "
                  >
                    <div
                      className="hero__copy"
                    >
                      <p
                        className="hero__intro"
                      >
                        You are about to submit your final response to NICE
                      </p>
                      <p>
                        After submission you won't be able to:
                      </p>
                      <ul>
                        <li>
                          edit your response further
                        </li>
                        <li>
                          add any extra information.
                        </li>
                      </ul>
                      <undefined />
                    </div>
                  </div>
                </div>
              </div>
            </div>
            <div
              data-g="12 md:3 md:pull:9"
            >
              <div>
                <div />
                <div
                  style={Object {}}
                >
                  <div
                    className="filter-panel"
                  >
                    <button
                      aria-controls="filter-panel-body"
                      aria-expanded={true}
                      className="filter-panel__heading"
                      onClick={[Function]}
                      type="button"
                    >
                      Filter
                    </button>
                    <div
                      aria-hidden={false}
                      className="filter-panel__body"
                      id="filter-panel-body"
                    >
                      <div
                        className="filter-group"
                      >
                        <button
                          aria-controls="group-QuestionsOrComments"
                          aria-expanded={true}
                          className="filter-group__heading gtm-topic-list-filter-group-collapse"
                          onClick={[Function]}
                          type="button"
                        >
                          <div
                            id="group-title-QuestionsOrComments"
                          >
                            Response type
                          </div>
                        </button>
                        <div
                          aria-hidden={false}
                          aria-labelledby="group-title-QuestionsOrComments"
                          className="filter-group__options"
                          id="group-QuestionsOrComments"
                          role="group"
                        >
                          <label
                            className="filter-group__option"
                            htmlFor="filter_QuestionsOrComments_Questions"
                          >
                            <input
                              aria-controls="results-info-count"
                              checked={false}
                              className="gtm-topic-list-filter-select"
                              id="filter_QuestionsOrComments_Questions"
                              name="QuestionsOrComments"
                              onChange={[Function]}
                              title="Response type - Questions"
                              type="checkbox"
                              value="Questions"
                            />
                            Questions
                          </label>
                          <label
                            className="filter-group__option"
                            htmlFor="filter_QuestionsOrComments_Comments"
                          >
                            <input
                              aria-controls="results-info-count"
                              checked={false}
                              className="gtm-topic-list-filter-select"
                              id="filter_QuestionsOrComments_Comments"
                              name="QuestionsOrComments"
                              onChange={[Function]}
                              title="Response type - Comments"
                              type="checkbox"
                              value="Comments"
                            />
                            Comments
                          </label>
                        </div>
                      </div>
                      <div
                        className="filter-group"
                      >
                        <button
                          aria-controls="group-Documents"
                          aria-expanded={true}
                          className="filter-group__heading gtm-topic-list-filter-group-collapse"
                          onClick={[Function]}
                          type="button"
                        >
                          <div
                            id="group-title-Documents"
                          >
                            Document
                          </div>
                        </button>
                        <div
                          aria-hidden={false}
                          aria-labelledby="group-title-Documents"
                          className="filter-group__options"
                          id="group-Documents"
                          role="group"
                        >
                          <label
                            className="filter-group__option"
                            htmlFor="filter_Documents_1"
                          >
                            <input
                              aria-controls="results-info-count"
                              checked={false}
                              className="gtm-topic-list-filter-select"
                              id="filter_Documents_1"
                              name="Documents"
                              onChange={[Function]}
                              title="Document - Unstable angina and NSTEMI"
                              type="checkbox"
                              value="1"
                            />
                            Unstable angina and NSTEMI
                          </label>
                          <label
                            className="filter-group__option"
                            htmlFor="filter_Documents_2"
                          >
                            <input
                              aria-controls="results-info-count"
                              checked={false}
                              className="gtm-topic-list-filter-select"
                              id="filter_Documents_2"
                              name="Documents"
                              onChange={[Function]}
                              title="Document - Glaucoma: diagnosis and management – Full Guideline"
                              type="checkbox"
                              value="2"
                            />
                            Glaucoma: diagnosis and management – Full Guideline
                          </label>
                        </div>
                      </div>
                    </div>
                  </div>
                </div>
              </div>
            </div>
          </div>
        </div>
      </main>
    </div>
  </div>
</div>
`;
